// Jest Snapshot v1, https://goo.gl/fbAQLP

exports[`should render DashboardPage correctly 1`] = `
<div>
  Dashboard Page Content to be added here!!!!
</div>
`;
